Startpoint: _19450_ (rising edge-triggered flip-flop clocked by clk)
Endpoint: _20772_ (rising edge-triggered flip-flop clocked by clk)
Path Group: clk
Path Type: min

Fanout     Cap    Slew   Delay    Time   Description
-----------------------------------------------------------------------------
                          0.00    0.00   clock clk (rise edge)
                          4.69    4.69   clock network delay (propagated)
                  0.35    0.00    4.69 ^ _19450_/CLK (sky130_fd_sc_hd__dfxtp_4)
                  0.36    1.66    6.35 ^ _19450_/Q (sky130_fd_sc_hd__dfxtp_4)
     4    0.03                           CPU_dmem_wr_data_a4[0] (net)
                  0.36    0.00    6.35 ^ _11372_/A1 (sky130_fd_sc_hd__a211o_4)
                  0.06    0.42    6.77 ^ _11372_/X (sky130_fd_sc_hd__a211o_4)
     1    0.00                           _01102_ (net)
                  0.06    0.00    6.77 ^ _20772_/D (sky130_fd_sc_hd__dfxtp_4)
                                  6.77   data arrival time

                          0.00    0.00   clock clk (rise edge)
                          6.38    6.38   clock network delay (propagated)
                          0.00    6.38   clock reconvergence pessimism
                                  6.38 ^ _20772_/CLK (sky130_fd_sc_hd__dfxtp_4)
                          0.14    6.52   library hold time
                                  6.52   data required time
-----------------------------------------------------------------------------
                                  6.52   data required time
                                 -6.77   data arrival time
-----------------------------------------------------------------------------
                                  0.25   slack (MET)


