Startpoint: _19450_ (rising edge-triggered flip-flop clocked by clk)
Endpoint: _20772_ (rising edge-triggered flip-flop clocked by clk)
Path Group: clk
Path Type: min

Fanout     Cap    Slew   Delay    Time   Description
-----------------------------------------------------------------------------
                          0.00    0.00   clock clk (rise edge)
                          4.09    4.09   clock network delay (propagated)
                  0.30    0.00    4.09 ^ _19450_/CLK (sky130_fd_sc_hd__dfxtp_4)
                  0.32    1.43    5.52 ^ _19450_/Q (sky130_fd_sc_hd__dfxtp_4)
     4    0.03                           CPU_dmem_wr_data_a4[0] (net)
                  0.32    0.00    5.53 ^ _11372_/A1 (sky130_fd_sc_hd__a211o_4)
                  0.06    0.38    5.91 ^ _11372_/X (sky130_fd_sc_hd__a211o_4)
     1    0.00                           _01102_ (net)
                  0.06    0.00    5.91 ^ _20772_/D (sky130_fd_sc_hd__dfxtp_4)
                                  5.91   data arrival time

                          0.00    0.00   clock clk (rise edge)
                          5.55    5.55   clock network delay (propagated)
                          0.00    5.55   clock reconvergence pessimism
                                  5.55 ^ _20772_/CLK (sky130_fd_sc_hd__dfxtp_4)
                          0.12    5.67   library hold time
                                  5.67   data required time
-----------------------------------------------------------------------------
                                  5.67   data required time
                                 -5.91   data arrival time
-----------------------------------------------------------------------------
                                  0.24   slack (MET)


