Startpoint: _19515_ (rising edge-triggered flip-flop clocked by clk)
Endpoint: _20291_ (rising edge-triggered flip-flop clocked by clk)
Path Group: clk
Path Type: max

Fanout     Cap    Slew   Delay    Time   Description
-----------------------------------------------------------------------------
                          0.00    0.00   clock clk (rise edge)
                          8.24    8.24   clock network delay (propagated)
                  0.85    0.00    8.24 ^ _19515_/CLK (sky130_fd_sc_hd__dfxtp_4)
                  0.16    2.38   10.62 v _19515_/Q (sky130_fd_sc_hd__dfxtp_4)
     5    0.01                           CPU_src1_value_a3[1] (net)
                  0.16    0.00   10.62 v _12003_/B (sky130_fd_sc_hd__or2_4)
                  0.32    2.08   12.69 v _12003_/X (sky130_fd_sc_hd__or2_4)
     2    0.01                           _06471_ (net)
                  0.32    0.00   12.69 v _12004_/B1 (sky130_fd_sc_hd__o21a_4)
                  0.23    0.97   13.67 v _12004_/X (sky130_fd_sc_hd__o21a_4)
     2    0.01                           _06472_ (net)
                  0.23    0.00   13.67 v _12005_/B (sky130_fd_sc_hd__or2_4)
                  0.31    2.06   15.73 v _12005_/X (sky130_fd_sc_hd__or2_4)
     2    0.00                           _06473_ (net)
                  0.31    0.00   15.73 v _12006_/B1 (sky130_fd_sc_hd__o21a_4)
                  0.23    0.96   16.69 v _12006_/X (sky130_fd_sc_hd__o21a_4)
     3    0.01                           _06474_ (net)
                  0.23    0.00   16.69 v _12007_/B2 (sky130_fd_sc_hd__o22a_4)
                  0.31    1.99   18.68 v _12007_/X (sky130_fd_sc_hd__o22a_4)
     3    0.02                           _06475_ (net)
                  0.31    0.00   18.68 v _12008_/B2 (sky130_fd_sc_hd__o22a_4)
                  0.30    2.03   20.71 v _12008_/X (sky130_fd_sc_hd__o22a_4)
     3    0.01                           _06476_ (net)
                  0.30    0.00   20.71 v _12009_/D (sky130_fd_sc_hd__or4_4)
                  0.73    5.05   25.76 v _12009_/X (sky130_fd_sc_hd__or4_4)
     1    0.00                           _06477_ (net)
                  0.73    0.00   25.76 v _12010_/D (sky130_fd_sc_hd__and4_4)
                  0.26    2.00   27.77 v _12010_/X (sky130_fd_sc_hd__and4_4)
     4    0.02                           _06478_ (net)
                  0.26    0.00   27.77 v _12011_/C (sky130_fd_sc_hd__or3_4)
                  0.51    3.54   31.30 v _12011_/X (sky130_fd_sc_hd__or3_4)
     1    0.00                           _06479_ (net)
                  0.51    0.00   31.30 v _12012_/D (sky130_fd_sc_hd__and4_4)
                  0.25    1.84   33.14 v _12012_/X (sky130_fd_sc_hd__and4_4)
     4    0.02                           _06480_ (net)
                  0.25    0.00   33.14 v _12013_/C (sky130_fd_sc_hd__or3_4)
                  0.52    3.56   36.70 v _12013_/X (sky130_fd_sc_hd__or3_4)
     1    0.00                           _06481_ (net)
                  0.52    0.00   36.70 v _12014_/D (sky130_fd_sc_hd__and4_4)
                  0.25    1.83   38.54 v _12014_/X (sky130_fd_sc_hd__and4_4)
     3    0.02                           _06482_ (net)
                  0.25    0.00   38.54 v _12015_/D (sky130_fd_sc_hd__or4_4)
                  0.72    5.00   43.54 v _12015_/X (sky130_fd_sc_hd__or4_4)
     1    0.00                           _06483_ (net)
                  0.72    0.00   43.54 v _12016_/D (sky130_fd_sc_hd__and4_4)
                  0.24    1.96   45.51 v _12016_/X (sky130_fd_sc_hd__and4_4)
     3    0.02                           _06484_ (net)
                  0.24    0.00   45.51 v _12017_/C (sky130_fd_sc_hd__or3_4)
                  0.51    3.52   49.03 v _12017_/X (sky130_fd_sc_hd__or3_4)
     1    0.00                           _06485_ (net)
                  0.51    0.00   49.03 v _12018_/C (sky130_fd_sc_hd__and3_4)
                  0.23    1.69   50.72 v _12018_/X (sky130_fd_sc_hd__and3_4)
     2    0.01                           _06486_ (net)
                  0.23    0.00   50.72 v _12019_/B (sky130_fd_sc_hd__or2_4)
                  0.31    2.06   52.78 v _12019_/X (sky130_fd_sc_hd__or2_4)
     2    0.00                           _06487_ (net)
                  0.31    0.00   52.78 v _12020_/B1 (sky130_fd_sc_hd__o21a_4)
                  0.24    0.97   53.75 v _12020_/X (sky130_fd_sc_hd__o21a_4)
     2    0.01                           _06488_ (net)
                  0.24    0.00   53.75 v _12032_/A1 (sky130_fd_sc_hd__o21a_4)
                  0.21    1.86   55.61 v _12032_/X (sky130_fd_sc_hd__o21a_4)
     1    0.00                           _06500_ (net)
                  0.21    0.00   55.61 v _12033_/B2 (sky130_fd_sc_hd__a32o_4)
                  0.27    2.02   57.64 v _12033_/X (sky130_fd_sc_hd__a32o_4)
     3    0.01                           _06501_ (net)
                  0.27    0.00   57.64 v _12034_/B2 (sky130_fd_sc_hd__o22a_4)
                  0.26    1.91   59.55 v _12034_/X (sky130_fd_sc_hd__o22a_4)
     1    0.00                           _06502_ (net)
                  0.26    0.00   59.55 v _12035_/A (sky130_fd_sc_hd__inv_2)
                  1.06    0.98   60.52 ^ _12035_/Y (sky130_fd_sc_hd__inv_2)
     6    0.04                           _06503_ (net)
                  1.06    0.01   60.53 ^ _13296_/A (sky130_fd_sc_hd__buf_2)
                  0.99    1.58   62.11 ^ _13296_/X (sky130_fd_sc_hd__buf_2)
     6    0.03                           _07535_ (net)
                  0.99    0.00   62.11 ^ _13917_/A1 (sky130_fd_sc_hd__a211o_4)
                  0.17    0.95   63.06 ^ _13917_/X (sky130_fd_sc_hd__a211o_4)
     1    0.00                           _07996_ (net)
                  0.17    0.00   63.06 ^ _13918_/A (sky130_fd_sc_hd__inv_2)
                  0.03    0.12   63.18 v _13918_/Y (sky130_fd_sc_hd__inv_2)
     1    0.00                           _00621_ (net)
                  0.03    0.00   63.18 v _20291_/D (sky130_fd_sc_hd__dfxtp_4)
                                 63.18   data arrival time

                         10.00   10.00   clock clk (rise edge)
                          6.45   16.45   clock network delay (propagated)
                          0.00   16.45   clock reconvergence pessimism
                                 16.45 ^ _20291_/CLK (sky130_fd_sc_hd__dfxtp_4)
                         -1.20   15.25   library setup time
                                 15.25   data required time
-----------------------------------------------------------------------------
                                 15.25   data required time
                                -63.18   data arrival time
-----------------------------------------------------------------------------
                                -47.93   slack (VIOLATED)


