Startpoint: _19515_ (rising edge-triggered flip-flop clocked by clk)
Endpoint: _20451_ (rising edge-triggered flip-flop clocked by clk)
Path Group: clk
Path Type: max

Fanout     Cap    Slew   Delay    Time   Description
-----------------------------------------------------------------------------
                          0.00    0.00   clock clk (rise edge)
                          2.11    2.11   clock network delay (propagated)
                  0.23    0.00    2.11 ^ _19515_/CLK (sky130_fd_sc_hd__dfxtp_4)
                  0.05    0.61    2.72 v _19515_/Q (sky130_fd_sc_hd__dfxtp_4)
     5    0.01                           CPU_src1_value_a3[1] (net)
                  0.05    0.00    2.72 v _12003_/B (sky130_fd_sc_hd__or2_4)
                  0.08    0.42    3.14 v _12003_/X (sky130_fd_sc_hd__or2_4)
     2    0.01                           _06471_ (net)
                  0.08    0.00    3.14 v _12004_/B1 (sky130_fd_sc_hd__o21a_4)
                  0.06    0.21    3.35 v _12004_/X (sky130_fd_sc_hd__o21a_4)
     2    0.01                           _06472_ (net)
                  0.06    0.00    3.35 v _12005_/B (sky130_fd_sc_hd__or2_4)
                  0.07    0.41    3.75 v _12005_/X (sky130_fd_sc_hd__or2_4)
     2    0.00                           _06473_ (net)
                  0.07    0.00    3.75 v _12006_/B1 (sky130_fd_sc_hd__o21a_4)
                  0.06    0.20    3.95 v _12006_/X (sky130_fd_sc_hd__o21a_4)
     3    0.01                           _06474_ (net)
                  0.06    0.00    3.95 v _12007_/B2 (sky130_fd_sc_hd__o22a_4)
                  0.08    0.36    4.31 v _12007_/X (sky130_fd_sc_hd__o22a_4)
     3    0.02                           _06475_ (net)
                  0.08    0.00    4.31 v _12008_/B2 (sky130_fd_sc_hd__o22a_4)
                  0.07    0.36    4.68 v _12008_/X (sky130_fd_sc_hd__o22a_4)
     3    0.02                           _06476_ (net)
                  0.07    0.00    4.68 v _12009_/D (sky130_fd_sc_hd__or4_4)
                  0.13    0.81    5.48 v _12009_/X (sky130_fd_sc_hd__or4_4)
     1    0.00                           _06477_ (net)
                  0.13    0.00    5.48 v _12010_/D (sky130_fd_sc_hd__and4_4)
                  0.07    0.40    5.88 v _12010_/X (sky130_fd_sc_hd__and4_4)
     4    0.02                           _06478_ (net)
                  0.07    0.00    5.88 v _12011_/C (sky130_fd_sc_hd__or3_4)
                  0.10    0.61    6.50 v _12011_/X (sky130_fd_sc_hd__or3_4)
     1    0.00                           _06479_ (net)
                  0.10    0.00    6.50 v _12012_/D (sky130_fd_sc_hd__and4_4)
                  0.07    0.38    6.88 v _12012_/X (sky130_fd_sc_hd__and4_4)
     4    0.02                           _06480_ (net)
                  0.07    0.00    6.88 v _12013_/C (sky130_fd_sc_hd__or3_4)
                  0.10    0.62    7.50 v _12013_/X (sky130_fd_sc_hd__or3_4)
     1    0.00                           _06481_ (net)
                  0.10    0.00    7.50 v _12014_/D (sky130_fd_sc_hd__and4_4)
                  0.07    0.38    7.87 v _12014_/X (sky130_fd_sc_hd__and4_4)
     3    0.02                           _06482_ (net)
                  0.07    0.00    7.87 v _12015_/D (sky130_fd_sc_hd__or4_4)
                  0.13    0.80    8.67 v _12015_/X (sky130_fd_sc_hd__or4_4)
     1    0.00                           _06483_ (net)
                  0.13    0.00    8.67 v _12016_/D (sky130_fd_sc_hd__and4_4)
                  0.06    0.39    9.06 v _12016_/X (sky130_fd_sc_hd__and4_4)
     3    0.02                           _06484_ (net)
                  0.06    0.00    9.06 v _12017_/C (sky130_fd_sc_hd__or3_4)
                  0.10    0.61    9.67 v _12017_/X (sky130_fd_sc_hd__or3_4)
     1    0.00                           _06485_ (net)
                  0.10    0.00    9.67 v _12018_/C (sky130_fd_sc_hd__and3_4)
                  0.06    0.34   10.01 v _12018_/X (sky130_fd_sc_hd__and3_4)
     2    0.01                           _06486_ (net)
                  0.06    0.00   10.01 v _12019_/B (sky130_fd_sc_hd__or2_4)
                  0.07    0.41   10.42 v _12019_/X (sky130_fd_sc_hd__or2_4)
     2    0.00                           _06487_ (net)
                  0.07    0.00   10.42 v _12020_/B1 (sky130_fd_sc_hd__o21a_4)
                  0.06    0.21   10.63 v _12020_/X (sky130_fd_sc_hd__o21a_4)
     2    0.01                           _06488_ (net)
                  0.06    0.00   10.63 v _12032_/A1 (sky130_fd_sc_hd__o21a_4)
                  0.05    0.36   10.99 v _12032_/X (sky130_fd_sc_hd__o21a_4)
     1    0.00                           _06500_ (net)
                  0.05    0.00   10.99 v _12033_/B2 (sky130_fd_sc_hd__a32o_4)
                  0.07    0.47   11.46 v _12033_/X (sky130_fd_sc_hd__a32o_4)
     3    0.02                           _06501_ (net)
                  0.07    0.00   11.46 v _12034_/B2 (sky130_fd_sc_hd__o22a_4)
                  0.05    0.33   11.79 v _12034_/X (sky130_fd_sc_hd__o22a_4)
     1    0.00                           _06502_ (net)
                  0.05    0.00   11.79 v _12035_/A (sky130_fd_sc_hd__inv_2)
                  0.30    0.25   12.04 ^ _12035_/Y (sky130_fd_sc_hd__inv_2)
     6    0.04                           _06503_ (net)
                  0.30    0.01   12.05 ^ _13296_/A (sky130_fd_sc_hd__buf_2)
                  0.28    0.42   12.47 ^ _13296_/X (sky130_fd_sc_hd__buf_2)
     6    0.04                           _07535_ (net)
                  0.28    0.00   12.47 ^ _13305_/A1 (sky130_fd_sc_hd__a211o_4)
                  0.04    0.25   12.71 ^ _13305_/X (sky130_fd_sc_hd__a211o_4)
     1    0.01                           _07544_ (net)
                  0.04    0.00   12.71 ^ _13306_/A (sky130_fd_sc_hd__inv_2)
                  0.01    0.03   12.74 v _13306_/Y (sky130_fd_sc_hd__inv_2)
     1    0.00                           _00781_ (net)
                  0.01    0.00   12.74 v _20451_/D (sky130_fd_sc_hd__dfxtp_4)
                                 12.74   data arrival time

                         10.00   10.00   clock clk (rise edge)
                          1.70   11.70   clock network delay (propagated)
                          0.00   11.70   clock reconvergence pessimism
                                 11.70 ^ _20451_/CLK (sky130_fd_sc_hd__dfxtp_4)
                         -0.16   11.54   library setup time
                                 11.54   data required time
-----------------------------------------------------------------------------
                                 11.54   data required time
                                -12.74   data arrival time
-----------------------------------------------------------------------------
                                 -1.20   slack (VIOLATED)


