Startpoint: _19515_ (rising edge-triggered flip-flop clocked by clk)
Endpoint: _20291_ (rising edge-triggered flip-flop clocked by clk)
Path Group: clk
Path Type: max

Fanout     Cap    Slew   Delay    Time   Description
-----------------------------------------------------------------------------
                          0.00    0.00   clock clk (rise edge)
                          5.04    5.04   clock network delay (propagated)
                  0.53    0.00    5.04 ^ _19515_/CLK (sky130_fd_sc_hd__dfxtp_4)
                  0.10    1.43    6.47 v _19515_/Q (sky130_fd_sc_hd__dfxtp_4)
     5    0.01                           CPU_src1_value_a3[1] (net)
                  0.10    0.00    6.47 v _12003_/B (sky130_fd_sc_hd__or2_4)
                  0.18    1.12    7.60 v _12003_/X (sky130_fd_sc_hd__or2_4)
     2    0.01                           _06471_ (net)
                  0.18    0.00    7.60 v _12004_/B1 (sky130_fd_sc_hd__o21a_4)
                  0.13    0.53    8.13 v _12004_/X (sky130_fd_sc_hd__o21a_4)
     2    0.01                           _06472_ (net)
                  0.13    0.00    8.13 v _12005_/B (sky130_fd_sc_hd__or2_4)
                  0.17    1.11    9.23 v _12005_/X (sky130_fd_sc_hd__or2_4)
     2    0.00                           _06473_ (net)
                  0.17    0.00    9.23 v _12006_/B1 (sky130_fd_sc_hd__o21a_4)
                  0.13    0.52    9.75 v _12006_/X (sky130_fd_sc_hd__o21a_4)
     3    0.01                           _06474_ (net)
                  0.13    0.00    9.75 v _12007_/B2 (sky130_fd_sc_hd__o22a_4)
                  0.17    1.01   10.76 v _12007_/X (sky130_fd_sc_hd__o22a_4)
     3    0.02                           _06475_ (net)
                  0.17    0.00   10.76 v _12008_/B2 (sky130_fd_sc_hd__o22a_4)
                  0.16    1.02   11.79 v _12008_/X (sky130_fd_sc_hd__o22a_4)
     3    0.01                           _06476_ (net)
                  0.16    0.00   11.79 v _12009_/D (sky130_fd_sc_hd__or4_4)
                  0.37    2.51   14.30 v _12009_/X (sky130_fd_sc_hd__or4_4)
     1    0.00                           _06477_ (net)
                  0.37    0.00   14.30 v _12010_/D (sky130_fd_sc_hd__and4_4)
                  0.15    1.05   15.35 v _12010_/X (sky130_fd_sc_hd__and4_4)
     4    0.02                           _06478_ (net)
                  0.15    0.00   15.36 v _12011_/C (sky130_fd_sc_hd__or3_4)
                  0.26    1.82   17.17 v _12011_/X (sky130_fd_sc_hd__or3_4)
     1    0.00                           _06479_ (net)
                  0.26    0.00   17.17 v _12012_/D (sky130_fd_sc_hd__and4_4)
                  0.15    0.98   18.15 v _12012_/X (sky130_fd_sc_hd__and4_4)
     4    0.02                           _06480_ (net)
                  0.15    0.00   18.15 v _12013_/C (sky130_fd_sc_hd__or3_4)
                  0.26    1.83   19.98 v _12013_/X (sky130_fd_sc_hd__or3_4)
     1    0.00                           _06481_ (net)
                  0.26    0.00   19.98 v _12014_/D (sky130_fd_sc_hd__and4_4)
                  0.14    0.97   20.95 v _12014_/X (sky130_fd_sc_hd__and4_4)
     3    0.02                           _06482_ (net)
                  0.14    0.00   20.95 v _12015_/D (sky130_fd_sc_hd__or4_4)
                  0.36    2.49   23.45 v _12015_/X (sky130_fd_sc_hd__or4_4)
     1    0.00                           _06483_ (net)
                  0.36    0.00   23.45 v _12016_/D (sky130_fd_sc_hd__and4_4)
                  0.13    1.02   24.47 v _12016_/X (sky130_fd_sc_hd__and4_4)
     3    0.02                           _06484_ (net)
                  0.13    0.00   24.47 v _12017_/C (sky130_fd_sc_hd__or3_4)
                  0.26    1.80   26.28 v _12017_/X (sky130_fd_sc_hd__or3_4)
     1    0.00                           _06485_ (net)
                  0.26    0.00   26.28 v _12018_/C (sky130_fd_sc_hd__and3_4)
                  0.13    0.90   27.18 v _12018_/X (sky130_fd_sc_hd__and3_4)
     2    0.01                           _06486_ (net)
                  0.13    0.00   27.18 v _12019_/B (sky130_fd_sc_hd__or2_4)
                  0.17    1.11   28.29 v _12019_/X (sky130_fd_sc_hd__or2_4)
     2    0.00                           _06487_ (net)
                  0.17    0.00   28.29 v _12020_/B1 (sky130_fd_sc_hd__o21a_4)
                  0.13    0.53   28.81 v _12020_/X (sky130_fd_sc_hd__o21a_4)
     2    0.01                           _06488_ (net)
                  0.13    0.00   28.81 v _12032_/A1 (sky130_fd_sc_hd__o21a_4)
                  0.11    0.98   29.79 v _12032_/X (sky130_fd_sc_hd__o21a_4)
     1    0.00                           _06500_ (net)
                  0.11    0.00   29.79 v _12033_/B2 (sky130_fd_sc_hd__a32o_4)
                  0.15    1.14   30.93 v _12033_/X (sky130_fd_sc_hd__a32o_4)
     3    0.01                           _06501_ (net)
                  0.15    0.00   30.93 v _12034_/B2 (sky130_fd_sc_hd__o22a_4)
                  0.13    0.96   31.89 v _12034_/X (sky130_fd_sc_hd__o22a_4)
     1    0.00                           _06502_ (net)
                  0.13    0.00   31.89 v _12035_/A (sky130_fd_sc_hd__inv_2)
                  0.65    0.58   32.47 ^ _12035_/Y (sky130_fd_sc_hd__inv_2)
     6    0.04                           _06503_ (net)
                  0.66    0.01   32.48 ^ _13296_/A (sky130_fd_sc_hd__buf_2)
                  0.60    0.96   33.43 ^ _13296_/X (sky130_fd_sc_hd__buf_2)
     6    0.03                           _07535_ (net)
                  0.60    0.00   33.43 ^ _13917_/A1 (sky130_fd_sc_hd__a211o_4)
                  0.09    0.56   34.00 ^ _13917_/X (sky130_fd_sc_hd__a211o_4)
     1    0.00                           _07996_ (net)
                  0.09    0.00   34.00 ^ _13918_/A (sky130_fd_sc_hd__inv_2)
                  0.02    0.07   34.07 v _13918_/Y (sky130_fd_sc_hd__inv_2)
     1    0.00                           _00621_ (net)
                  0.02    0.00   34.07 v _20291_/D (sky130_fd_sc_hd__dfxtp_4)
                                 34.07   data arrival time

                         10.00   10.00   clock clk (rise edge)
                          3.99   13.99   clock network delay (propagated)
                          0.00   13.99   clock reconvergence pessimism
                                 13.99 ^ _20291_/CLK (sky130_fd_sc_hd__dfxtp_4)
                         -0.62   13.37   library setup time
                                 13.37   data required time
-----------------------------------------------------------------------------
                                 13.37   data required time
                                -34.07   data arrival time
-----------------------------------------------------------------------------
                                -20.70   slack (VIOLATED)


