Startpoint: _19450_ (rising edge-triggered flip-flop clocked by clk)
Endpoint: _20772_ (rising edge-triggered flip-flop clocked by clk)
Path Group: clk
Path Type: min

Fanout     Cap    Slew   Delay    Time   Description
-----------------------------------------------------------------------------
                          0.00    0.00   clock clk (rise edge)
                          1.97    1.97   clock network delay (propagated)
                  0.16    0.00    1.97 ^ _19450_/CLK (sky130_fd_sc_hd__dfxtp_4)
                  0.16    0.66    2.64 ^ _19450_/Q (sky130_fd_sc_hd__dfxtp_4)
     4    0.03                           CPU_dmem_wr_data_a4[0] (net)
                  0.16    0.00    2.64 ^ _11372_/A1 (sky130_fd_sc_hd__a211o_4)
                  0.03    0.18    2.82 ^ _11372_/X (sky130_fd_sc_hd__a211o_4)
     1    0.00                           _01102_ (net)
                  0.03    0.00    2.82 ^ _20772_/D (sky130_fd_sc_hd__dfxtp_4)
                                  2.82   data arrival time

                          0.00    0.00   clock clk (rise edge)
                          2.63    2.63   clock network delay (propagated)
                          0.00    2.63   clock reconvergence pessimism
                                  2.63 ^ _20772_/CLK (sky130_fd_sc_hd__dfxtp_4)
                          0.04    2.67   library hold time
                                  2.67   data required time
-----------------------------------------------------------------------------
                                  2.67   data required time
                                 -2.82   data arrival time
-----------------------------------------------------------------------------
                                  0.16   slack (MET)


