Startpoint: _19483_ (rising edge-triggered flip-flop clocked by clk)
Endpoint: _19843_ (rising edge-triggered flip-flop clocked by clk)
Path Group: clk
Path Type: max

Fanout     Cap    Slew   Delay    Time   Description
-----------------------------------------------------------------------------
                  0.00    0.00    0.00   clock clk (rise edge)
                          0.00    0.00   clock network delay (ideal)
                  0.00    0.00    0.00 ^ _19483_/CLK (sky130_fd_sc_hd__dfxtp_4)
                  0.16    1.30    1.30 ^ _19483_/Q (sky130_fd_sc_hd__dfxtp_4)
     3    0.01                           CPU_src2_value_a3[1] (net)
                  0.16    0.00    1.30 ^ _12000_/A (sky130_fd_sc_hd__inv_2)
                  0.06    0.14    1.44 v _12000_/Y (sky130_fd_sc_hd__inv_2)
     3    0.01                           _06468_ (net)
                  0.06    0.00    1.44 v _12003_/A (sky130_fd_sc_hd__or2_4)
                  0.18    1.15    2.59 v _12003_/X (sky130_fd_sc_hd__or2_4)
     2    0.01                           _06471_ (net)
                  0.18    0.00    2.59 v _12004_/B1 (sky130_fd_sc_hd__o21a_4)
                  0.13    0.52    3.11 v _12004_/X (sky130_fd_sc_hd__o21a_4)
     2    0.01                           _06472_ (net)
                  0.13    0.00    3.11 v _12005_/B (sky130_fd_sc_hd__or2_4)
                  0.18    1.13    4.24 v _12005_/X (sky130_fd_sc_hd__or2_4)
     2    0.01                           _06473_ (net)
                  0.18    0.00    4.24 v _12006_/B1 (sky130_fd_sc_hd__o21a_4)
                  0.14    0.54    4.78 v _12006_/X (sky130_fd_sc_hd__o21a_4)
     3    0.01                           _06474_ (net)
                  0.14    0.00    4.78 v _12007_/B2 (sky130_fd_sc_hd__o22a_4)
                  0.17    1.01    5.80 v _12007_/X (sky130_fd_sc_hd__o22a_4)
     3    0.01                           _06475_ (net)
                  0.17    0.00    5.80 v _12008_/B2 (sky130_fd_sc_hd__o22a_4)
                  0.16    1.02    6.81 v _12008_/X (sky130_fd_sc_hd__o22a_4)
     3    0.01                           _06476_ (net)
                  0.16    0.00    6.81 v _12009_/D (sky130_fd_sc_hd__or4_4)
                  0.36    2.48    9.30 v _12009_/X (sky130_fd_sc_hd__or4_4)
     1    0.00                           _06477_ (net)
                  0.36    0.00    9.30 v _12010_/D (sky130_fd_sc_hd__and4_4)
                  0.14    1.02   10.31 v _12010_/X (sky130_fd_sc_hd__and4_4)
     4    0.02                           _06478_ (net)
                  0.14    0.00   10.31 v _12011_/C (sky130_fd_sc_hd__or3_4)
                  0.26    1.80   12.12 v _12011_/X (sky130_fd_sc_hd__or3_4)
     1    0.00                           _06479_ (net)
                  0.26    0.00   12.12 v _12012_/D (sky130_fd_sc_hd__and4_4)
                  0.14    0.95   13.07 v _12012_/X (sky130_fd_sc_hd__and4_4)
     4    0.02                           _06480_ (net)
                  0.14    0.00   13.07 v _12013_/C (sky130_fd_sc_hd__or3_4)
                  0.26    1.80   14.87 v _12013_/X (sky130_fd_sc_hd__or3_4)
     1    0.00                           _06481_ (net)
                  0.26    0.00   14.87 v _12014_/D (sky130_fd_sc_hd__and4_4)
                  0.13    0.94   15.81 v _12014_/X (sky130_fd_sc_hd__and4_4)
     3    0.01                           _06482_ (net)
                  0.13    0.00   15.81 v _12015_/D (sky130_fd_sc_hd__or4_4)
                  0.36    2.47   18.29 v _12015_/X (sky130_fd_sc_hd__or4_4)
     1    0.00                           _06483_ (net)
                  0.36    0.00   18.29 v _12016_/D (sky130_fd_sc_hd__and4_4)
                  0.13    1.00   19.29 v _12016_/X (sky130_fd_sc_hd__and4_4)
     3    0.01                           _06484_ (net)
                  0.13    0.00   19.29 v _12017_/C (sky130_fd_sc_hd__or3_4)
                  0.26    1.80   21.08 v _12017_/X (sky130_fd_sc_hd__or3_4)
     1    0.00                           _06485_ (net)
                  0.26    0.00   21.08 v _12018_/C (sky130_fd_sc_hd__and3_4)
                  0.12    0.88   21.97 v _12018_/X (sky130_fd_sc_hd__and3_4)
     2    0.01                           _06486_ (net)
                  0.12    0.00   21.97 v _12019_/B (sky130_fd_sc_hd__or2_4)
                  0.18    1.13   23.09 v _12019_/X (sky130_fd_sc_hd__or2_4)
     2    0.01                           _06487_ (net)
                  0.18    0.00   23.09 v _12020_/B1 (sky130_fd_sc_hd__o21a_4)
                  0.13    0.53   23.62 v _12020_/X (sky130_fd_sc_hd__o21a_4)
     2    0.01                           _06488_ (net)
                  0.13    0.00   23.62 v _12032_/A1 (sky130_fd_sc_hd__o21a_4)
                  0.11    0.98   24.60 v _12032_/X (sky130_fd_sc_hd__o21a_4)
     1    0.00                           _06500_ (net)
                  0.11    0.00   24.60 v _12033_/B2 (sky130_fd_sc_hd__a32o_4)
                  0.15    1.13   25.72 v _12033_/X (sky130_fd_sc_hd__a32o_4)
     3    0.01                           _06501_ (net)
                  0.15    0.00   25.72 v _12034_/B2 (sky130_fd_sc_hd__o22a_4)
                  0.13    0.95   26.67 v _12034_/X (sky130_fd_sc_hd__o22a_4)
     1    0.00                           _06502_ (net)
                  0.13    0.00   26.67 v _12035_/A (sky130_fd_sc_hd__inv_2)
                  0.21    0.26   26.93 ^ _12035_/Y (sky130_fd_sc_hd__inv_2)
     6    0.01                           _06503_ (net)
                  0.21    0.00   26.93 ^ _15469_/A (sky130_fd_sc_hd__buf_2)
                  0.44    0.59   27.53 ^ _15469_/X (sky130_fd_sc_hd__buf_2)
     6    0.02                           _09132_ (net)
                  0.44    0.00   27.53 ^ _15617_/A1 (sky130_fd_sc_hd__a211o_4)
                  0.09    0.47   28.00 ^ _15617_/X (sky130_fd_sc_hd__a211o_4)
     1    0.00                           _09248_ (net)
                  0.09    0.00   28.00 ^ _15618_/A (sky130_fd_sc_hd__inv_2)
                  0.02    0.07   28.07 v _15618_/Y (sky130_fd_sc_hd__inv_2)
     1    0.00                           _00173_ (net)
                  0.02    0.00   28.07 v _19843_/D (sky130_fd_sc_hd__dfxtp_4)
                                 28.07   data arrival time

                  0.00   10.00   10.00   clock clk (rise edge)
                          0.00   10.00   clock network delay (ideal)
                          0.00   10.00   clock reconvergence pessimism
                                 10.00 ^ _19843_/CLK (sky130_fd_sc_hd__dfxtp_4)
                         -0.77    9.23   library setup time
                                  9.23   data required time
-----------------------------------------------------------------------------
                                  9.23   data required time
                                -28.07   data arrival time
-----------------------------------------------------------------------------
                                -18.84   slack (VIOLATED)


