Startpoint: _19483_ (rising edge-triggered flip-flop clocked by clk)
Endpoint: _20163_ (rising edge-triggered flip-flop clocked by clk)
Path Group: clk
Path Type: max

Fanout     Cap    Slew   Delay    Time   Description
-----------------------------------------------------------------------------
                          0.00    0.00   clock clk (rise edge)
                          1.06    1.06   clock network delay (propagated)
                  0.15    0.00    1.06 ^ _19483_/CLK (sky130_fd_sc_hd__dfxtp_4)
                  0.05    0.37    1.43 ^ _19483_/Q (sky130_fd_sc_hd__dfxtp_4)
     3    0.01                           CPU_src2_value_a3[1] (net)
                  0.05    0.00    1.43 ^ _12000_/A (sky130_fd_sc_hd__inv_2)
                  0.03    0.04    1.47 v _12000_/Y (sky130_fd_sc_hd__inv_2)
     3    0.01                           _06468_ (net)
                  0.03    0.00    1.47 v _12003_/A (sky130_fd_sc_hd__or2_4)
                  0.05    0.26    1.73 v _12003_/X (sky130_fd_sc_hd__or2_4)
     2    0.01                           _06471_ (net)
                  0.05    0.00    1.73 v _12004_/B1 (sky130_fd_sc_hd__o21a_4)
                  0.04    0.13    1.86 v _12004_/X (sky130_fd_sc_hd__o21a_4)
     2    0.01                           _06472_ (net)
                  0.04    0.00    1.86 v _12005_/B (sky130_fd_sc_hd__or2_4)
                  0.06    0.25    2.10 v _12005_/X (sky130_fd_sc_hd__or2_4)
     2    0.01                           _06473_ (net)
                  0.06    0.00    2.10 v _12006_/B1 (sky130_fd_sc_hd__o21a_4)
                  0.05    0.13    2.24 v _12006_/X (sky130_fd_sc_hd__o21a_4)
     3    0.02                           _06474_ (net)
                  0.05    0.00    2.24 v _12007_/B2 (sky130_fd_sc_hd__o22a_4)
                  0.05    0.22    2.45 v _12007_/X (sky130_fd_sc_hd__o22a_4)
     3    0.02                           _06475_ (net)
                  0.05    0.00    2.45 v _12008_/B2 (sky130_fd_sc_hd__o22a_4)
                  0.05    0.21    2.67 v _12008_/X (sky130_fd_sc_hd__o22a_4)
     3    0.01                           _06476_ (net)
                  0.05    0.00    2.67 v _12009_/D (sky130_fd_sc_hd__or4_4)
                  0.09    0.45    3.12 v _12009_/X (sky130_fd_sc_hd__or4_4)
     1    0.00                           _06477_ (net)
                  0.09    0.00    3.12 v _12010_/D (sky130_fd_sc_hd__and4_4)
                  0.05    0.24    3.36 v _12010_/X (sky130_fd_sc_hd__and4_4)
     4    0.02                           _06478_ (net)
                  0.05    0.00    3.36 v _12011_/C (sky130_fd_sc_hd__or3_4)
                  0.07    0.35    3.71 v _12011_/X (sky130_fd_sc_hd__or3_4)
     1    0.00                           _06479_ (net)
                  0.07    0.00    3.71 v _12012_/D (sky130_fd_sc_hd__and4_4)
                  0.05    0.23    3.94 v _12012_/X (sky130_fd_sc_hd__and4_4)
     4    0.02                           _06480_ (net)
                  0.05    0.00    3.94 v _12013_/C (sky130_fd_sc_hd__or3_4)
                  0.07    0.35    4.29 v _12013_/X (sky130_fd_sc_hd__or3_4)
     1    0.00                           _06481_ (net)
                  0.07    0.00    4.29 v _12014_/D (sky130_fd_sc_hd__and4_4)
                  0.05    0.23    4.52 v _12014_/X (sky130_fd_sc_hd__and4_4)
     3    0.01                           _06482_ (net)
                  0.05    0.00    4.52 v _12015_/D (sky130_fd_sc_hd__or4_4)
                  0.09    0.45    4.97 v _12015_/X (sky130_fd_sc_hd__or4_4)
     1    0.00                           _06483_ (net)
                  0.09    0.00    4.97 v _12016_/D (sky130_fd_sc_hd__and4_4)
                  0.05    0.24    5.21 v _12016_/X (sky130_fd_sc_hd__and4_4)
     3    0.01                           _06484_ (net)
                  0.05    0.00    5.21 v _12017_/C (sky130_fd_sc_hd__or3_4)
                  0.07    0.35    5.56 v _12017_/X (sky130_fd_sc_hd__or3_4)
     1    0.00                           _06485_ (net)
                  0.07    0.00    5.56 v _12018_/C (sky130_fd_sc_hd__and3_4)
                  0.04    0.21    5.76 v _12018_/X (sky130_fd_sc_hd__and3_4)
     2    0.01                           _06486_ (net)
                  0.04    0.00    5.76 v _12019_/B (sky130_fd_sc_hd__or2_4)
                  0.06    0.25    6.01 v _12019_/X (sky130_fd_sc_hd__or2_4)
     2    0.01                           _06487_ (net)
                  0.06    0.00    6.01 v _12020_/B1 (sky130_fd_sc_hd__o21a_4)
                  0.04    0.13    6.14 v _12020_/X (sky130_fd_sc_hd__o21a_4)
     2    0.01                           _06488_ (net)
                  0.04    0.00    6.14 v _12032_/A1 (sky130_fd_sc_hd__o21a_4)
                  0.03    0.22    6.36 v _12032_/X (sky130_fd_sc_hd__o21a_4)
     1    0.00                           _06500_ (net)
                  0.03    0.00    6.36 v _12033_/B2 (sky130_fd_sc_hd__a32o_4)
                  0.05    0.18    6.54 v _12033_/X (sky130_fd_sc_hd__a32o_4)
     3    0.01                           _06501_ (net)
                  0.05    0.00    6.54 v _12034_/B2 (sky130_fd_sc_hd__o22a_4)
                  0.04    0.19    6.73 v _12034_/X (sky130_fd_sc_hd__o22a_4)
     1    0.00                           _06502_ (net)
                  0.04    0.00    6.73 v _12035_/A (sky130_fd_sc_hd__inv_2)
                  0.08    0.08    6.81 ^ _12035_/Y (sky130_fd_sc_hd__inv_2)
     6    0.01                           _06503_ (net)
                  0.08    0.00    6.81 ^ _14025_/A (sky130_fd_sc_hd__buf_2)
                  0.15    0.19    7.00 ^ _14025_/X (sky130_fd_sc_hd__buf_2)
     6    0.03                           _08072_ (net)
                  0.15    0.00    7.00 ^ _14418_/A1 (sky130_fd_sc_hd__a211o_4)
                  0.03    0.13    7.13 ^ _14418_/X (sky130_fd_sc_hd__a211o_4)
     1    0.00                           _08369_ (net)
                  0.03    0.00    7.13 ^ _14419_/A (sky130_fd_sc_hd__inv_2)
                  0.01    0.02    7.14 v _14419_/Y (sky130_fd_sc_hd__inv_2)
     1    0.00                           _00493_ (net)
                  0.01    0.00    7.14 v _20163_/D (sky130_fd_sc_hd__dfxtp_4)
                                  7.14   data arrival time

                         10.00   10.00   clock clk (rise edge)
                          1.04   11.04   clock network delay (propagated)
                          0.00   11.04   clock reconvergence pessimism
                                 11.04 ^ _20163_/CLK (sky130_fd_sc_hd__dfxtp_4)
                         -0.09   10.95   library setup time
                                 10.95   data required time
-----------------------------------------------------------------------------
                                 10.95   data required time
                                 -7.14   data arrival time
-----------------------------------------------------------------------------
                                  3.81   slack (MET)


