Startpoint: _19446_ (rising edge-triggered flip-flop clocked by clk)
Endpoint: _19445_ (rising edge-triggered flip-flop clocked by clk)
Path Group: clk
Path Type: min

Fanout     Cap    Slew   Delay    Time   Description
-----------------------------------------------------------------------------
                          0.00    0.00   clock clk (rise edge)
                          1.66    1.66   clock network delay (propagated)
                  0.15    0.00    1.66 ^ _19446_/CLK (sky130_fd_sc_hd__dfxtp_4)
                  0.04    0.56    2.22 v _19446_/Q (sky130_fd_sc_hd__dfxtp_4)
     2    0.00                           CPU_valid_taken_br_a4 (net)
                  0.04    0.00    2.22 v _19445_/D (sky130_fd_sc_hd__dfxtp_4)
                                  2.22   data arrival time

                          0.00    0.00   clock clk (rise edge)
                          1.76    1.76   clock network delay (propagated)
                          0.00    1.76   clock reconvergence pessimism
                                  1.76 ^ _19445_/CLK (sky130_fd_sc_hd__dfxtp_4)
                          0.01    1.76   library hold time
                                  1.76   data required time
-----------------------------------------------------------------------------
                                  1.76   data required time
                                 -2.22   data arrival time
-----------------------------------------------------------------------------
                                  0.46   slack (MET)


