Startpoint: _19683_ (rising edge-triggered flip-flop clocked by clk)
Endpoint: _19613_ (rising edge-triggered flip-flop clocked by clk)
Path Group: clk
Path Type: min

Fanout     Cap    Slew   Delay    Time   Description
-----------------------------------------------------------------------------
                          0.00    0.00   clock clk (rise edge)
                          6.06    6.06   clock network delay (propagated)
                  0.69    0.00    6.06 ^ _19683_/CLK (sky130_fd_sc_hd__dfxtp_4)
                  0.15    2.26    8.32 v _19683_/Q (sky130_fd_sc_hd__dfxtp_4)
     2    0.01                           CPU_inc_pc_a1[1] (net)
                  0.15    0.00    8.32 v _19613_/D (sky130_fd_sc_hd__dfxtp_4)
                                  8.32   data arrival time

                          0.00    0.00   clock clk (rise edge)
                          6.40    6.40   clock network delay (propagated)
                          0.00    6.40   clock reconvergence pessimism
                                  6.40 ^ _19613_/CLK (sky130_fd_sc_hd__dfxtp_4)
                          0.14    6.54   library hold time
                                  6.54   data required time
-----------------------------------------------------------------------------
                                  6.54   data required time
                                 -8.32   data arrival time
-----------------------------------------------------------------------------
                                  1.77   slack (MET)


