Startpoint: _19515_ (rising edge-triggered flip-flop clocked by clk)
Endpoint: _20291_ (rising edge-triggered flip-flop clocked by clk)
Path Group: clk
Path Type: max

Fanout       Cap      Slew     Delay      Time   Description
-------------------------------------------------------------------------------------
                              0.0000    0.0000   clock clk (rise edge)
                              0.0000    0.0000   clock source latency
                    0.0000    0.0000    0.0000 ^ clk (in)
     1    0.0082                                 clk (net)
                    0.0000    0.0000    0.0000 ^ clkbuf_0_clk/A (sky130_fd_sc_hd__clkbuf_16)
                    0.0292    0.0766    0.0766 ^ clkbuf_0_clk/X (sky130_fd_sc_hd__clkbuf_16)
     2    0.0137                                 clknet_0_clk (net)
                    0.0292    0.0003    0.0769 ^ clkbuf_1_1_0_clk/A (sky130_fd_sc_hd__clkbuf_1)
                    0.0426    0.0607    0.1376 ^ clkbuf_1_1_0_clk/X (sky130_fd_sc_hd__clkbuf_1)
     1    0.0045                                 clknet_1_1_0_clk (net)
                    0.0426    0.0001    0.1376 ^ clkbuf_1_1_1_clk/A (sky130_fd_sc_hd__clkbuf_1)
                    0.0446    0.0647    0.2023 ^ clkbuf_1_1_1_clk/X (sky130_fd_sc_hd__clkbuf_1)
     2    0.0046                                 clknet_1_1_1_clk (net)
                    0.0446    0.0000    0.2023 ^ clkbuf_2_3_0_clk/A (sky130_fd_sc_hd__clkbuf_1)
                    0.0417    0.0630    0.2653 ^ clkbuf_2_3_0_clk/X (sky130_fd_sc_hd__clkbuf_1)
     1    0.0044                                 clknet_2_3_0_clk (net)
                    0.0417    0.0000    0.2653 ^ clkbuf_2_3_1_clk/A (sky130_fd_sc_hd__clkbuf_1)
                    0.0748    0.0853    0.3506 ^ clkbuf_2_3_1_clk/X (sky130_fd_sc_hd__clkbuf_1)
     2    0.0086                                 clknet_2_3_1_clk (net)
                    0.0748    0.0003    0.3509 ^ clkbuf_3_6_0_clk/A (sky130_fd_sc_hd__clkbuf_1)
                    0.0637    0.0816    0.4325 ^ clkbuf_3_6_0_clk/X (sky130_fd_sc_hd__clkbuf_1)
     2    0.0072                                 clknet_3_6_0_clk (net)
                    0.0637    0.0002    0.4327 ^ clkbuf_4_13_0_clk/A (sky130_fd_sc_hd__clkbuf_1)
                    0.0217    0.0500    0.4826 ^ clkbuf_4_13_0_clk/X (sky130_fd_sc_hd__clkbuf_1)
     2    0.0013                                 clknet_4_13_0_clk (net)
                    0.0217    0.0000    0.4826 ^ clkbuf_5_27_0_clk/A (sky130_fd_sc_hd__clkbuf_1)
                    0.0751    0.0815    0.5642 ^ clkbuf_5_27_0_clk/X (sky130_fd_sc_hd__clkbuf_1)
     2    0.0089                                 clknet_5_27_0_clk (net)
                    0.0751    0.0000    0.5642 ^ clkbuf_6_54_0_clk/A (sky130_fd_sc_hd__clkbuf_1)
                    0.0581    0.0778    0.6420 ^ clkbuf_6_54_0_clk/X (sky130_fd_sc_hd__clkbuf_1)
     2    0.0066                                 clknet_6_54_0_clk (net)
                    0.0581    0.0000    0.6420 ^ clkbuf_7_109_0_clk/A (sky130_fd_sc_hd__clkbuf_1)
                    0.0619    0.0791    0.7211 ^ clkbuf_7_109_0_clk/X (sky130_fd_sc_hd__clkbuf_1)
     2    0.0071                                 clknet_7_109_0_clk (net)
                    0.0619    0.0001    0.7212 ^ clkbuf_8_218_0_clk/A (sky130_fd_sc_hd__clkbuf_1)
                    0.0992    0.1051    0.8263 ^ clkbuf_8_218_0_clk/X (sky130_fd_sc_hd__clkbuf_1)
     4    0.0124                                 clknet_8_218_0_clk (net)
                    0.0992    0.0000    0.8263 ^ _19515_/CLK (sky130_fd_sc_hd__dfxtp_4)
                    0.0302    0.2406    1.0669 v _19515_/Q (sky130_fd_sc_hd__dfxtp_4)
     5    0.0100                                 CPU_src1_value_a3[1] (net)
                    0.0302    0.0002    1.0671 v _12003_/B (sky130_fd_sc_hd__or2_4)
                    0.0415    0.1369    1.2040 v _12003_/X (sky130_fd_sc_hd__or2_4)
     2    0.0108                                 _06471_ (net)
                    0.0415    0.0001    1.2041 v _12004_/B1 (sky130_fd_sc_hd__o21a_4)
                    0.0347    0.0781    1.2822 v _12004_/X (sky130_fd_sc_hd__o21a_4)
     2    0.0121                                 _06472_ (net)
                    0.0347    0.0001    1.2823 v _12005_/B (sky130_fd_sc_hd__or2_4)
                    0.0358    0.1299    1.4122 v _12005_/X (sky130_fd_sc_hd__or2_4)
     2    0.0053                                 _06473_ (net)
                    0.0358    0.0000    1.4122 v _12006_/B1 (sky130_fd_sc_hd__o21a_4)
                    0.0340    0.0753    1.4875 v _12006_/X (sky130_fd_sc_hd__o21a_4)
     3    0.0112                                 _06474_ (net)
                    0.0340    0.0002    1.4877 v _12007_/B2 (sky130_fd_sc_hd__o22a_4)
                    0.0458    0.1214    1.6091 v _12007_/X (sky130_fd_sc_hd__o22a_4)
     3    0.0194                                 _06475_ (net)
                    0.0458    0.0002    1.6093 v _12008_/B2 (sky130_fd_sc_hd__o22a_4)
                    0.0429    0.1212    1.7305 v _12008_/X (sky130_fd_sc_hd__o22a_4)
     3    0.0169                                 _06476_ (net)
                    0.0429    0.0002    1.7307 v _12009_/D (sky130_fd_sc_hd__or4_4)
                    0.0604    0.2209    1.9516 v _12009_/X (sky130_fd_sc_hd__or4_4)
     1    0.0038                                 _06477_ (net)
                    0.0604    0.0001    1.9517 v _12010_/D (sky130_fd_sc_hd__and4_4)
                    0.0489    0.1473    2.0990 v _12010_/X (sky130_fd_sc_hd__and4_4)
     4    0.0255                                 _06478_ (net)
                    0.0489    0.0014    2.1003 v _12011_/C (sky130_fd_sc_hd__or3_4)
                    0.0456    0.1770    2.2774 v _12011_/X (sky130_fd_sc_hd__or3_4)
     1    0.0029                                 _06479_ (net)
                    0.0456    0.0000    2.2774 v _12012_/D (sky130_fd_sc_hd__and4_4)
                    0.0472    0.1405    2.4179 v _12012_/X (sky130_fd_sc_hd__and4_4)
     4    0.0237                                 _06480_ (net)
                    0.0472    0.0008    2.4187 v _12013_/C (sky130_fd_sc_hd__or3_4)
                    0.0471    0.1789    2.5976 v _12013_/X (sky130_fd_sc_hd__or3_4)
     1    0.0039                                 _06481_ (net)
                    0.0471    0.0000    2.5976 v _12014_/D (sky130_fd_sc_hd__and4_4)
                    0.0455    0.1384    2.7361 v _12014_/X (sky130_fd_sc_hd__and4_4)
     3    0.0214                                 _06482_ (net)
                    0.0456    0.0018    2.7379 v _12015_/D (sky130_fd_sc_hd__or4_4)
                    0.0595    0.2199    2.9578 v _12015_/X (sky130_fd_sc_hd__or4_4)
     1    0.0032                                 _06483_ (net)
                    0.0595    0.0000    2.9578 v _12016_/D (sky130_fd_sc_hd__and4_4)
                    0.0420    0.1389    3.0967 v _12016_/X (sky130_fd_sc_hd__and4_4)
     3    0.0177                                 _06484_ (net)
                    0.0420    0.0005    3.0972 v _12017_/C (sky130_fd_sc_hd__or3_4)
                    0.0451    0.1751    3.2723 v _12017_/X (sky130_fd_sc_hd__or3_4)
     1    0.0028                                 _06485_ (net)
                    0.0451    0.0000    3.2723 v _12018_/C (sky130_fd_sc_hd__and3_4)
                    0.0373    0.1229    3.3952 v _12018_/X (sky130_fd_sc_hd__and3_4)
     2    0.0153                                 _06486_ (net)
                    0.0373    0.0005    3.3957 v _12019_/B (sky130_fd_sc_hd__or2_4)
                    0.0355    0.1308    3.5265 v _12019_/X (sky130_fd_sc_hd__or2_4)
     2    0.0055                                 _06487_ (net)
                    0.0355    0.0000    3.5266 v _12020_/B1 (sky130_fd_sc_hd__o21a_4)
                    0.0371    0.0785    3.6051 v _12020_/X (sky130_fd_sc_hd__o21a_4)
     2    0.0143                                 _06488_ (net)
                    0.0371    0.0001    3.6052 v _12032_/A1 (sky130_fd_sc_hd__o21a_4)
                    0.0268    0.1194    3.7246 v _12032_/X (sky130_fd_sc_hd__o21a_4)
     1    0.0046                                 _06500_ (net)
                    0.0268    0.0000    3.7246 v _12033_/B2 (sky130_fd_sc_hd__a32o_4)
                    0.0450    0.1115    3.8361 v _12033_/X (sky130_fd_sc_hd__a32o_4)
     3    0.0156                                 _06501_ (net)
                    0.0451    0.0014    3.8376 v _12034_/B2 (sky130_fd_sc_hd__o22a_4)
                    0.0298    0.1046    3.9422 v _12034_/X (sky130_fd_sc_hd__o22a_4)
     1    0.0052                                 _06502_ (net)
                    0.0298    0.0000    3.9422 v _12035_/A (sky130_fd_sc_hd__inv_2)
                    0.1332    0.1031    4.0453 ^ _12035_/Y (sky130_fd_sc_hd__inv_2)
     6    0.0428                                 _06503_ (net)
                    0.1337    0.0064    4.0517 ^ _13296_/A (sky130_fd_sc_hd__buf_2)
                    0.1270    0.1634    4.2150 ^ _13296_/X (sky130_fd_sc_hd__buf_2)
     6    0.0382                                 _07535_ (net)
                    0.1270    0.0003    4.2154 ^ _13917_/A1 (sky130_fd_sc_hd__a211o_4)
                    0.0278    0.0996    4.3150 ^ _13917_/X (sky130_fd_sc_hd__a211o_4)
     1    0.0056                                 _07996_ (net)
                    0.0278    0.0000    4.3150 ^ _13918_/A (sky130_fd_sc_hd__inv_2)
                    0.0102    0.0141    4.3292 v _13918_/Y (sky130_fd_sc_hd__inv_2)
     1    0.0020                                 _00621_ (net)
                    0.0102    0.0000    4.3292 v _20291_/D (sky130_fd_sc_hd__dfxtp_4)
                                        4.3292   data arrival time

                             10.0000   10.0000   clock clk (rise edge)
                              0.0000   10.0000   clock source latency
                    0.0000    0.0000   10.0000 ^ clk (in)
     1    0.0079                                 clk (net)
                    0.0000    0.0000   10.0000 ^ clkbuf_0_clk/A (sky130_fd_sc_hd__clkbuf_16)
                    0.0590    0.1819   10.1819 ^ clkbuf_0_clk/X (sky130_fd_sc_hd__clkbuf_16)
     2    0.0134                                 clknet_0_clk (net)
                    0.0590    0.0003   10.1821 ^ clkbuf_1_1_0_clk/A (sky130_fd_sc_hd__clkbuf_1)
                    0.0989    0.1658   10.3480 ^ clkbuf_1_1_0_clk/X (sky130_fd_sc_hd__clkbuf_1)
     1    0.0043                                 clknet_1_1_0_clk (net)
                    0.0989    0.0001   10.3480 ^ clkbuf_1_1_1_clk/A (sky130_fd_sc_hd__clkbuf_1)
                    0.1032    0.1862   10.5342 ^ clkbuf_1_1_1_clk/X (sky130_fd_sc_hd__clkbuf_1)
     2    0.0046                                 clknet_1_1_1_clk (net)
                    0.1032    0.0000   10.5342 ^ clkbuf_2_2_0_clk/A (sky130_fd_sc_hd__clkbuf_1)
                    0.1084    0.1917   10.7260 ^ clkbuf_2_2_0_clk/X (sky130_fd_sc_hd__clkbuf_1)
     1    0.0049                                 clknet_2_2_0_clk (net)
                    0.1084    0.0001   10.7261 ^ clkbuf_2_2_1_clk/A (sky130_fd_sc_hd__clkbuf_1)
                    0.0897    0.1799   10.9060 ^ clkbuf_2_2_1_clk/X (sky130_fd_sc_hd__clkbuf_1)
     2    0.0038                                 clknet_2_2_1_clk (net)
                    0.0897    0.0000   10.9060 ^ clkbuf_3_4_0_clk/A (sky130_fd_sc_hd__clkbuf_1)
                    0.0445    0.1355   11.0414 ^ clkbuf_3_4_0_clk/X (sky130_fd_sc_hd__clkbuf_1)
     2    0.0011                                 clknet_3_4_0_clk (net)
                    0.0445    0.0000   11.0414 ^ clkbuf_4_9_0_clk/A (sky130_fd_sc_hd__clkbuf_1)
                    0.0976    0.1583   11.1997 ^ clkbuf_4_9_0_clk/X (sky130_fd_sc_hd__clkbuf_1)
     2    0.0043                                 clknet_4_9_0_clk (net)
                    0.0976    0.0001   11.1998 ^ clkbuf_5_18_0_clk/A (sky130_fd_sc_hd__clkbuf_1)
                    0.0955    0.1800   11.3798 ^ clkbuf_5_18_0_clk/X (sky130_fd_sc_hd__clkbuf_1)
     2    0.0041                                 clknet_5_18_0_clk (net)
                    0.0955    0.0001   11.3799 ^ clkbuf_6_36_0_clk/A (sky130_fd_sc_hd__clkbuf_1)
                    0.0372    0.1309   11.5109 ^ clkbuf_6_36_0_clk/X (sky130_fd_sc_hd__clkbuf_1)
     2    0.0006                                 clknet_6_36_0_clk (net)
                    0.0372    0.0000   11.5109 ^ clkbuf_7_73_0_clk/A (sky130_fd_sc_hd__clkbuf_1)
                    0.1343    0.1789   11.6897 ^ clkbuf_7_73_0_clk/X (sky130_fd_sc_hd__clkbuf_1)
     2    0.0061                                 clknet_7_73_0_clk (net)
                    0.1343    0.0000   11.6897 ^ clkbuf_8_147_0_clk/A (sky130_fd_sc_hd__clkbuf_1)
                    0.1665    0.2437   11.9334 ^ clkbuf_8_147_0_clk/X (sky130_fd_sc_hd__clkbuf_1)
     5    0.0079                                 clknet_8_147_0_clk (net)
                    0.1665    0.0000   11.9335 ^ _20291_/CLK (sky130_fd_sc_hd__dfxtp_4)
                              0.3319   12.2654   clock reconvergence pessimism
                             -0.0388   12.2265   library setup time
                                       12.2265   data required time
-------------------------------------------------------------------------------------
                                       12.2265   data required time
                                       -4.3292   data arrival time
-------------------------------------------------------------------------------------
                                        7.8973   slack (MET)


