Startpoint: _19450_ (rising edge-triggered flip-flop clocked by clk)
Endpoint: _20772_ (rising edge-triggered flip-flop clocked by clk)
Path Group: clk
Path Type: min

Fanout     Cap    Slew   Delay    Time   Description
-----------------------------------------------------------------------------
                          0.00    0.00   clock clk (rise edge)
                          7.66    7.66   clock network delay (propagated)
                  0.56    0.00    7.66 ^ _19450_/CLK (sky130_fd_sc_hd__dfxtp_4)
                  0.62    2.92   10.58 ^ _19450_/Q (sky130_fd_sc_hd__dfxtp_4)
     4    0.03                           CPU_dmem_wr_data_a4[0] (net)
                  0.62    0.00   10.58 ^ _11372_/A1 (sky130_fd_sc_hd__a211o_4)
                  0.11    0.72   11.30 ^ _11372_/X (sky130_fd_sc_hd__a211o_4)
     1    0.00                           _01102_ (net)
                  0.11    0.00   11.30 ^ _20772_/D (sky130_fd_sc_hd__dfxtp_4)
                                 11.30   data arrival time

                          0.00    0.00   clock clk (rise edge)
                         10.47   10.47   clock network delay (propagated)
                          0.00   10.47   clock reconvergence pessimism
                                 10.47 ^ _20772_/CLK (sky130_fd_sc_hd__dfxtp_4)
                          0.38   10.85   library hold time
                                 10.85   data required time
-----------------------------------------------------------------------------
                                 10.85   data required time
                                -11.30   data arrival time
-----------------------------------------------------------------------------
                                  0.45   slack (MET)


