Startpoint: _14959_ (rising edge-triggered flip-flop clocked by clk)
Endpoint: _14958_ (rising edge-triggered flip-flop clocked by clk)
Path Group: clk
Path Type: min

Fanout       Cap      Slew     Delay      Time   Description
-------------------------------------------------------------------------------------
                    0.0000    0.0000    0.0000   clock clk (rise edge)
                              0.0000    0.0000   clock network delay (ideal)
                    0.0000    0.0000    0.0000 ^ _14959_/CLK (sky130_fd_sc_hd__dfxtp_1)
                    0.0256    0.1768    0.1768 ^ _14959_/Q (sky130_fd_sc_hd__dfxtp_1)
     1    0.0018                                 CPU_reset_a2 (net)
                    0.0256    0.0000    0.1768 ^ _14958_/D (sky130_fd_sc_hd__dfxtp_1)
                                        0.1768   data arrival time

                    0.0000    0.0000    0.0000   clock clk (rise edge)
                              0.0000    0.0000   clock network delay (ideal)
                              0.0000    0.0000   clock reconvergence pessimism
                                        0.0000 ^ _14958_/CLK (sky130_fd_sc_hd__dfxtp_1)
                             -0.0192   -0.0192   library hold time
                                       -0.0192   data required time
-------------------------------------------------------------------------------------
                                       -0.0192   data required time
                                       -0.1768   data arrival time
-------------------------------------------------------------------------------------
                                        0.1960   slack (MET)


Startpoint: _14131_ (rising edge-triggered flip-flop clocked by clk)
Endpoint: _14857_ (rising edge-triggered flip-flop clocked by clk)
Path Group: clk
Path Type: max

Fanout       Cap      Slew     Delay      Time   Description
-------------------------------------------------------------------------------------
                    0.0000    0.0000    0.0000   clock clk (rise edge)
                              0.0000    0.0000   clock network delay (ideal)
                    0.0000    0.0000    0.0000 ^ _14131_/CLK (sky130_fd_sc_hd__dfxtp_1)
                    7.2155    5.0976    5.0976 ^ _14131_/Q (sky130_fd_sc_hd__dfxtp_1)
   504    1.1337                                 CPU_rf_rd_index2_a2[0] (net)
                    7.2155    0.0000    5.0976 ^ _8548_/A (sky130_fd_sc_hd__clkinv_1)
                    1.8693    8.3017   13.3993 v _8548_/Y (sky130_fd_sc_hd__clkinv_1)
   488    0.9780                                 _3244_ (net)
                    1.8693    0.0000   13.3993 v _8565_/A2 (sky130_fd_sc_hd__o21ai_0)
                    0.3506    0.4375   13.8368 ^ _8565_/Y (sky130_fd_sc_hd__o21ai_0)
     1    0.0025                                 _3261_ (net)
                    0.3506    0.0000   13.8368 ^ _8568_/B2 (sky130_fd_sc_hd__o221ai_1)
                    0.3596    0.0510   13.8878 v _8568_/Y (sky130_fd_sc_hd__o221ai_1)
     1    0.0024                                 _3264_ (net)
                    0.3596    0.0000   13.8878 v _8569_/C1 (sky130_fd_sc_hd__o211ai_1)
                    0.2325    0.1111   13.9989 ^ _8569_/Y (sky130_fd_sc_hd__o211ai_1)
     1    0.0018                                 _3265_ (net)
                    0.2325    0.0000   13.9989 ^ _8570_/B1 (sky130_fd_sc_hd__o21ai_0)
                    0.1381    0.0563   14.0552 v _8570_/Y (sky130_fd_sc_hd__o21ai_0)
     1    0.0025                                 _3266_ (net)
                    0.1381    0.0000   14.0552 v _8595_/A1 (sky130_fd_sc_hd__a211oi_1)
                    0.1453    0.1320   14.1872 ^ _8595_/Y (sky130_fd_sc_hd__a211oi_1)
     1    0.0025                                 _3291_ (net)
                    0.1453    0.0000   14.1872 ^ _8596_/B1 (sky130_fd_sc_hd__a31oi_1)
                    0.1696    0.0242   14.2113 v _8596_/Y (sky130_fd_sc_hd__a31oi_1)
     1    0.0018                                 CPU_src2_value_a2[0] (net)
                    0.1696    0.0000   14.2113 v _14857_/D (sky130_fd_sc_hd__dfxtp_1)
                                       14.2113   data arrival time

                    0.0000   10.0000   10.0000   clock clk (rise edge)
                              0.0000   10.0000   clock network delay (ideal)
                              0.0000   10.0000   clock reconvergence pessimism
                                       10.0000 ^ _14857_/CLK (sky130_fd_sc_hd__dfxtp_1)
                             -0.1016    9.8984   library setup time
                                        9.8984   data required time
-------------------------------------------------------------------------------------
                                        9.8984   data required time
                                      -14.2113   data arrival time
-------------------------------------------------------------------------------------
                                       -4.3129   slack (VIOLATED)


