Startpoint: _14959_ (rising edge-triggered flip-flop clocked by clk)
Endpoint: _14958_ (rising edge-triggered flip-flop clocked by clk)
Path Group: clk
Path Type: min

Fanout       Cap      Slew     Delay      Time   Description
-------------------------------------------------------------------------------------
                    0.0000    0.0000    0.0000   clock clk (rise edge)
                              0.0000    0.0000   clock network delay (ideal)
                    0.0000    0.0000    0.0000 ^ _14959_/CLK (sky130_fd_sc_hd__dfxtp_1)
                    0.0274    0.2026    0.2026 ^ _14959_/Q (sky130_fd_sc_hd__dfxtp_1)
     1    0.0017                                 CPU_reset_a2 (net)
                    0.0274    0.0000    0.2026 ^ _14958_/D (sky130_fd_sc_hd__dfxtp_1)
                                        0.2026   data arrival time

                    0.0000    0.0000    0.0000   clock clk (rise edge)
                              0.0000    0.0000   clock network delay (ideal)
                              0.0000    0.0000   clock reconvergence pessimism
                                        0.0000 ^ _14958_/CLK (sky130_fd_sc_hd__dfxtp_1)
                             -0.0218   -0.0218   library hold time
                                       -0.0218   data required time
-------------------------------------------------------------------------------------
                                       -0.0218   data required time
                                       -0.2026   data arrival time
-------------------------------------------------------------------------------------
                                        0.2243   slack (MET)


Startpoint: _14131_ (rising edge-triggered flip-flop clocked by clk)
Endpoint: _14857_ (rising edge-triggered flip-flop clocked by clk)
Path Group: clk
Path Type: max

Fanout       Cap      Slew     Delay      Time   Description
-------------------------------------------------------------------------------------
                    0.0000    0.0000    0.0000   clock clk (rise edge)
                              0.0000    0.0000   clock network delay (ideal)
                    0.0000    0.0000    0.0000 ^ _14131_/CLK (sky130_fd_sc_hd__dfxtp_1)
                    8.7379    6.2985    6.2985 ^ _14131_/Q (sky130_fd_sc_hd__dfxtp_1)
   504    1.0695                                 CPU_rf_rd_index2_a2[0] (net)
                    8.7379    0.0000    6.2985 ^ _8548_/A (sky130_fd_sc_hd__clkinv_1)
                    0.0000    8.3724   14.6710 v _8548_/Y (sky130_fd_sc_hd__clkinv_1)
   488    0.9203                                 _3244_ (net)
                    0.0000    0.0000   14.6710 v _8565_/A2 (sky130_fd_sc_hd__o21ai_0)
                    0.2845    0.0928   14.7638 ^ _8565_/Y (sky130_fd_sc_hd__o21ai_0)
     1    0.0024                                 _3261_ (net)
                    0.2845    0.0000   14.7638 ^ _8568_/B2 (sky130_fd_sc_hd__o221ai_1)
                    0.3416    0.0675   14.8313 v _8568_/Y (sky130_fd_sc_hd__o221ai_1)
     1    0.0022                                 _3264_ (net)
                    0.3416    0.0000   14.8313 v _8569_/C1 (sky130_fd_sc_hd__o211ai_1)
                    0.2140    0.1661   14.9974 ^ _8569_/Y (sky130_fd_sc_hd__o211ai_1)
     1    0.0017                                 _3265_ (net)
                    0.2140    0.0000   14.9974 ^ _8570_/B1 (sky130_fd_sc_hd__o21ai_0)
                    0.1160    0.0588   15.0562 v _8570_/Y (sky130_fd_sc_hd__o21ai_0)
     1    0.0023                                 _3266_ (net)
                    0.1160    0.0000   15.0562 v _8595_/A1 (sky130_fd_sc_hd__a211oi_1)
                    0.1497    0.1849   15.2411 ^ _8595_/Y (sky130_fd_sc_hd__a211oi_1)
     1    0.0024                                 _3291_ (net)
                    0.1497    0.0000   15.2411 ^ _8596_/B1 (sky130_fd_sc_hd__a31oi_1)
                    0.1370    0.0283   15.2694 v _8596_/Y (sky130_fd_sc_hd__a31oi_1)
     1    0.0017                                 CPU_src2_value_a2[0] (net)
                    0.1370    0.0000   15.2694 v _14857_/D (sky130_fd_sc_hd__dfxtp_1)
                                       15.2694   data arrival time

                    0.0000   10.0000   10.0000   clock clk (rise edge)
                              0.0000   10.0000   clock network delay (ideal)
                              0.0000   10.0000   clock reconvergence pessimism
                                       10.0000 ^ _14857_/CLK (sky130_fd_sc_hd__dfxtp_1)
                             -0.1368    9.8632   library setup time
                                        9.8632   data required time
-------------------------------------------------------------------------------------
                                        9.8632   data required time
                                      -15.2694   data arrival time
-------------------------------------------------------------------------------------
                                       -5.4062   slack (VIOLATED)


