Startpoint: _14959_ (rising edge-triggered flip-flop clocked by clk)
Endpoint: _14958_ (rising edge-triggered flip-flop clocked by clk)
Path Group: clk
Path Type: min

Fanout       Cap      Slew     Delay      Time   Description
-------------------------------------------------------------------------------------
                    0.0000    0.0000    0.0000   clock clk (rise edge)
                              0.0000    0.0000   clock network delay (ideal)
                    0.0000    0.0000    0.0000 ^ _14959_/CLK (sky130_fd_sc_hd__dfxtp_1)
                    0.0241    0.1699    0.1699 ^ _14959_/Q (sky130_fd_sc_hd__dfxtp_1)
     1    0.0017                                 CPU_reset_a2 (net)
                    0.0241    0.0000    0.1699 ^ _14958_/D (sky130_fd_sc_hd__dfxtp_1)
                                        0.1699   data arrival time

                    0.0000    0.0000    0.0000   clock clk (rise edge)
                              0.0000    0.0000   clock network delay (ideal)
                              0.0000    0.0000   clock reconvergence pessimism
                                        0.0000 ^ _14958_/CLK (sky130_fd_sc_hd__dfxtp_1)
                             -0.0176   -0.0176   library hold time
                                       -0.0176   data required time
-------------------------------------------------------------------------------------
                                       -0.0176   data required time
                                       -0.1699   data arrival time
-------------------------------------------------------------------------------------
                                        0.1875   slack (MET)


Startpoint: _14131_ (rising edge-triggered flip-flop clocked by clk)
Endpoint: _14857_ (rising edge-triggered flip-flop clocked by clk)
Path Group: clk
Path Type: max

Fanout       Cap      Slew     Delay      Time   Description
-------------------------------------------------------------------------------------
                    0.0000    0.0000    0.0000   clock clk (rise edge)
                              0.0000    0.0000   clock network delay (ideal)
                    0.0000    0.0000    0.0000 ^ _14131_/CLK (sky130_fd_sc_hd__dfxtp_1)
                    7.7120    5.4203    5.4203 ^ _14131_/Q (sky130_fd_sc_hd__dfxtp_1)
   504    1.1001                                 CPU_rf_rd_index2_a2[0] (net)
                    7.7120    0.0000    5.4203 ^ _8548_/A (sky130_fd_sc_hd__clkinv_1)
                    0.5200    7.5685   12.9888 v _8548_/Y (sky130_fd_sc_hd__clkinv_1)
   488    0.9449                                 _3244_ (net)
                    0.5200    0.0000   12.9888 v _8565_/A2 (sky130_fd_sc_hd__o21ai_0)
                    0.2486    0.2389   13.2277 ^ _8565_/Y (sky130_fd_sc_hd__o21ai_0)
     1    0.0025                                 _3261_ (net)
                    0.2486    0.0000   13.2277 ^ _8568_/B2 (sky130_fd_sc_hd__o221ai_1)
                    0.3025    0.0458   13.2735 v _8568_/Y (sky130_fd_sc_hd__o221ai_1)
     1    0.0023                                 _3264_ (net)
                    0.3025    0.0000   13.2735 v _8569_/C1 (sky130_fd_sc_hd__o211ai_1)
                    0.1871    0.1317   13.4052 ^ _8569_/Y (sky130_fd_sc_hd__o211ai_1)
     1    0.0018                                 _3265_ (net)
                    0.1871    0.0000   13.4052 ^ _8570_/B1 (sky130_fd_sc_hd__o21ai_0)
                    0.1082    0.0436   13.4488 v _8570_/Y (sky130_fd_sc_hd__o21ai_0)
     1    0.0024                                 _3266_ (net)
                    0.1082    0.0000   13.4488 v _8595_/A1 (sky130_fd_sc_hd__a211oi_1)
                    0.1316    0.1496   13.5984 ^ _8595_/Y (sky130_fd_sc_hd__a211oi_1)
     1    0.0025                                 _3291_ (net)
                    0.1316    0.0000   13.5984 ^ _8596_/B1 (sky130_fd_sc_hd__a31oi_1)
                    0.1257    0.0200   13.6184 v _8596_/Y (sky130_fd_sc_hd__a31oi_1)
     1    0.0018                                 CPU_src2_value_a2[0] (net)
                    0.1257    0.0000   13.6184 v _14857_/D (sky130_fd_sc_hd__dfxtp_1)
                                       13.6184   data arrival time

                    0.0000   10.0000   10.0000   clock clk (rise edge)
                              0.0000   10.0000   clock network delay (ideal)
                              0.0000   10.0000   clock reconvergence pessimism
                                       10.0000 ^ _14857_/CLK (sky130_fd_sc_hd__dfxtp_1)
                             -0.1066    9.8934   library setup time
                                        9.8934   data required time
-------------------------------------------------------------------------------------
                                        9.8934   data required time
                                      -13.6184   data arrival time
-------------------------------------------------------------------------------------
                                       -3.7250   slack (VIOLATED)


